Test project C:/Users/harsh/Desktop/MiniExchange/build
        Start   1: CoreTypesTest.NoImplicitConversion
  1/150 Test   #1: CoreTypesTest.NoImplicitConversion .....................................   Passed    0.05 sec
        Start   2: CoreTypesTest.OrderIdConstruction
  2/150 Test   #2: CoreTypesTest.OrderIdConstruction ......................................   Passed    0.05 sec
        Start   3: CoreTypesTest.PriceComparison
  3/150 Test   #3: CoreTypesTest.PriceComparison ..........................................   Passed    0.07 sec
        Start   4: CoreTypesTest.QuantityArithmetic
  4/150 Test   #4: CoreTypesTest.QuantityArithmetic .......................................   Passed    0.06 sec
        Start   5: CoreTypesTest.SequenceIncrement
  5/150 Test   #5: CoreTypesTest.SequenceIncrement ........................................   Passed    0.15 sec
        Start   6: CoreTypesTest.TradeSequenceIncrement
  6/150 Test   #6: CoreTypesTest.TradeSequenceIncrement ...................................   Passed    0.17 sec
        Start   7: CoreTypesTest.SideEnum
  7/150 Test   #7: CoreTypesTest.SideEnum .................................................   Passed    0.22 sec
        Start   8: CoreTypesTest.OrderIdHashable
  8/150 Test   #8: CoreTypesTest.OrderIdHashable ..........................................   Passed    0.05 sec
        Start   9: CoreTradeTest.ConstructAndReadFields
  9/150 Test   #9: CoreTradeTest.ConstructAndReadFields ...................................   Passed    0.13 sec
        Start  10: CoreTradeTest.MultipleTradesDistinct
 10/150 Test  #10: CoreTradeTest.MultipleTradesDistinct ...................................   Passed    0.04 sec
        Start  11: OrderTypesTest.OrderStructBasics
 11/150 Test  #11: OrderTypesTest.OrderStructBasics .......................................   Passed    0.04 sec
        Start  12: OrderTypesTest.LimitOrderBasics
 12/150 Test  #12: OrderTypesTest.LimitOrderBasics ........................................   Passed    0.04 sec
        Start  13: OrderTypesTest.MarketOrderBasics
 13/150 Test  #13: OrderTypesTest.MarketOrderBasics .......................................   Passed    0.04 sec
        Start  14: OrderTypesTest.NewOrderVariantDiscrimination
 14/150 Test  #14: OrderTypesTest.NewOrderVariantDiscrimination ...........................   Passed    0.03 sec
        Start  15: OrderTypesTest.MarketOrderHasNoPriceMember
 15/150 Test  #15: OrderTypesTest.MarketOrderHasNoPriceMember .............................   Passed    0.04 sec
        Start  16: EventsTest.EngineResultEnumValues
 16/150 Test  #16: EventsTest.EngineResultEnumValues ......................................   Passed    0.05 sec
        Start  17: EventsTest.EngineResponseConstruction
 17/150 Test  #17: EventsTest.EngineResponseConstruction ..................................   Passed    0.06 sec
        Start  18: EventsTest.EngineResponseEmptyTrades
 18/150 Test  #18: EventsTest.EngineResponseEmptyTrades ...................................   Passed    0.05 sec
        Start  19: EventsTest.OrderAcceptedConstruction
 19/150 Test  #19: EventsTest.OrderAcceptedConstruction ...................................   Passed    0.05 sec
        Start  20: EventsTest.OrderCancelledConstruction
 20/150 Test  #20: EventsTest.OrderCancelledConstruction ..................................   Passed    0.04 sec
        Start  21: EventsTest.MultipleTradesInResponse
 21/150 Test  #21: EventsTest.MultipleTradesInResponse ....................................   Passed    0.04 sec
        Start  22: NullEventSinkTest.SingletonReturnsSamePointer
 22/150 Test  #22: NullEventSinkTest.SingletonReturnsSamePointer ..........................   Passed    0.04 sec
        Start  23: NullEventSinkTest.SingletonIsNotNull
 23/150 Test  #23: NullEventSinkTest.SingletonIsNotNull ...................................   Passed    0.04 sec
        Start  24: NullEventSinkTest.OnTradeDoesNotCrash
 24/150 Test  #24: NullEventSinkTest.OnTradeDoesNotCrash ..................................   Passed    0.04 sec
        Start  25: NullEventSinkTest.OnOrderAcceptedDoesNotCrash
 25/150 Test  #25: NullEventSinkTest.OnOrderAcceptedDoesNotCrash ..........................   Passed    0.04 sec
        Start  26: NullEventSinkTest.OnOrderCancelledDoesNotCrash
 26/150 Test  #26: NullEventSinkTest.OnOrderCancelledDoesNotCrash .........................   Passed    0.04 sec
        Start  27: NullEventSinkTest.PolymorphicDispatchAllMethods
 27/150 Test  #27: NullEventSinkTest.PolymorphicDispatchAllMethods ........................   Passed    0.03 sec
        Start  28: RecordingEventSinkTest.CountsEachEventType
 28/150 Test  #28: RecordingEventSinkTest.CountsEachEventType .............................   Passed    0.04 sec
        Start  29: PriceLevelTest.ConstructionSetsPrice
 29/150 Test  #29: PriceLevelTest.ConstructionSetsPrice ...................................   Passed    0.04 sec
        Start  30: PriceLevelTest.NewLevelIsEmpty
 30/150 Test  #30: PriceLevelTest.NewLevelIsEmpty .........................................   Passed    0.03 sec
        Start  31: PriceLevelTest.PushBackSingleOrder
 31/150 Test  #31: PriceLevelTest.PushBackSingleOrder .....................................   Passed    0.04 sec
        Start  32: PriceLevelTest.PushBackThreeOrdersFIFO
 32/150 Test  #32: PriceLevelTest.PushBackThreeOrdersFIFO .................................   Passed    0.05 sec
        Start  33: PriceLevelTest.RemoveMiddleOrder
 33/150 Test  #33: PriceLevelTest.RemoveMiddleOrder .......................................   Passed    0.05 sec
        Start  34: PriceLevelTest.RemoveHeadOrder
 34/150 Test  #34: PriceLevelTest.RemoveHeadOrder .........................................   Passed    0.05 sec
        Start  35: PriceLevelTest.RemoveTailOrder
 35/150 Test  #35: PriceLevelTest.RemoveTailOrder .........................................   Passed    0.05 sec
        Start  36: PriceLevelTest.RemoveOnlyOrderMakesEmpty
 36/150 Test  #36: PriceLevelTest.RemoveOnlyOrderMakesEmpty ...............................   Passed    0.05 sec
        Start  37: PriceLevelTest.RemoveAllOrdersSequentially
 37/150 Test  #37: PriceLevelTest.RemoveAllOrdersSequentially .............................   Passed    0.15 sec
        Start  38: PriceLevelTest.TotalQuantityIsIncrementallyMaintained
 38/150 Test  #38: PriceLevelTest.TotalQuantityIsIncrementallyMaintained ..................   Passed    0.08 sec
        Start  39: PriceLevelTest.PushAfterRemoveWorks
 39/150 Test  #39: PriceLevelTest.PushAfterRemoveWorks ....................................   Passed    0.04 sec
        Start  40: OrderBookTest.BestBidReturnsHighestPrice
 40/150 Test  #40: OrderBookTest.BestBidReturnsHighestPrice ...............................   Passed    0.04 sec
        Start  41: OrderBookTest.BestBidReturnsNullptrWhenEmpty
 41/150 Test  #41: OrderBookTest.BestBidReturnsNullptrWhenEmpty ...........................   Passed    0.04 sec
        Start  42: OrderBookTest.BestAskReturnsLowestPrice
 42/150 Test  #42: OrderBookTest.BestAskReturnsLowestPrice ................................   Passed    0.05 sec
        Start  43: OrderBookTest.BestAskReturnsNullptrWhenEmpty
 43/150 Test  #43: OrderBookTest.BestAskReturnsNullptrWhenEmpty ...........................   Passed    0.20 sec
        Start  44: OrderBookTest.RemoveBestBidUpdatesTopOfBook
 44/150 Test  #44: OrderBookTest.RemoveBestBidUpdatesTopOfBook ............................   Passed    0.21 sec
        Start  45: OrderBookTest.RemoveLastOrderAtLevelPrunesLevel
 45/150 Test  #45: OrderBookTest.RemoveLastOrderAtLevelPrunesLevel ........................   Passed    0.09 sec
        Start  46: OrderBookTest.RemoveAllOrdersLeavesBidSideEmpty
 46/150 Test  #46: OrderBookTest.RemoveAllOrdersLeavesBidSideEmpty ........................   Passed    0.29 sec
        Start  47: OrderBookTest.OrderCountIncrements
 47/150 Test  #47: OrderBookTest.OrderCountIncrements .....................................   Passed    0.18 sec
        Start  48: OrderBookTest.OrderCountDecrements
 48/150 Test  #48: OrderBookTest.OrderCountDecrements .....................................   Passed    0.04 sec
        Start  49: OrderBookTest.SamePriceFIFOOrdering
 49/150 Test  #49: OrderBookTest.SamePriceFIFOOrdering ....................................   Passed    0.03 sec
        Start  50: OrderBookTest.FindOrderReturnsCorrectOrder
 50/150 Test  #50: OrderBookTest.FindOrderReturnsCorrectOrder .............................   Passed    0.04 sec
        Start  51: OrderBookTest.FindOrderReturnsNullptrForMissingId
 51/150 Test  #51: OrderBookTest.FindOrderReturnsNullptrForMissingId ......................   Passed    0.04 sec
        Start  52: OrderBookTest.FindOrderReturnsNullptrAfterRemoval
 52/150 Test  #52: OrderBookTest.FindOrderReturnsNullptrAfterRemoval ......................   Passed    0.03 sec
        Start  53: OrderBookTest.BidsAndAsksIndependent
 53/150 Test  #53: OrderBookTest.BidsAndAsksIndependent ...................................   Passed    0.03 sec
        Start  54: OrderBookTest.RemoveMiddleOrderPreservesFIFO
 54/150 Test  #54: OrderBookTest.RemoveMiddleOrderPreservesFIFO ...........................   Passed    0.03 sec
        Start  55: OrderPoolDeathTest.ReleaseOutOfRangeAssertsInDebug
 55/150 Test  #55: OrderPoolDeathTest.ReleaseOutOfRangeAssertsInDebug .....................   Passed    0.44 sec
        Start  56: OrderPoolTest.AcquireReturnsDistinctPointersUpToCapacity
 56/150 Test  #56: OrderPoolTest.AcquireReturnsDistinctPointersUpToCapacity ...............   Passed    0.03 sec
        Start  57: OrderPoolTest.AcquirePastCapacityReturnsNullptr
 57/150 Test  #57: OrderPoolTest.AcquirePastCapacityReturnsNullptr ........................   Passed    0.03 sec
        Start  58: OrderPoolTest.ReleaseThenAcquireReturnsSameAddress
 58/150 Test  #58: OrderPoolTest.ReleaseThenAcquireReturnsSameAddress .....................   Passed    0.04 sec
        Start  59: OrderPoolTest.AvailableReflectsAcquireAndRelease
 59/150 Test  #59: OrderPoolTest.AvailableReflectsAcquireAndRelease .......................   Passed    0.04 sec
        Start  60: OrderPoolTest.AllPointersWithinStorageRange
 60/150 Test  #60: OrderPoolTest.AllPointersWithinStorageRange ............................   Passed    0.03 sec
        Start  61: OrderPoolTest.FreeListRecyclesInLIFOOrder
 61/150 Test  #61: OrderPoolTest.FreeListRecyclesInLIFOOrder ..............................   Passed    0.03 sec
        Start  62: OrderPoolTest.ExhaustAndFullyRecycle
 62/150 Test  #62: OrderPoolTest.ExhaustAndFullyRecycle ...................................   Passed    0.04 sec
        Start  63: OrderPoolTest.ZeroCapacityPoolAlwaysReturnsNullptr
 63/150 Test  #63: OrderPoolTest.ZeroCapacityPoolAlwaysReturnsNullptr .....................   Passed    0.04 sec
        Start  64: OrderPoolTest.SingleSlotPool
 64/150 Test  #64: OrderPoolTest.SingleSlotPool ...........................................   Passed    0.03 sec
        Start  65: MatchingEngineTest.LimitBuyRestsOnEmptyBook
 65/150 Test  #65: MatchingEngineTest.LimitBuyRestsOnEmptyBook ............................   Passed    0.04 sec
        Start  66: MatchingEngineTest.LimitSellRestsOnEmptyBook
 66/150 Test  #66: MatchingEngineTest.LimitSellRestsOnEmptyBook ...........................   Passed    0.03 sec
        Start  67: MatchingEngineTest.NonCrossingLimitOrdersRestOnBothSides
 67/150 Test  #67: MatchingEngineTest.NonCrossingLimitOrdersRestOnBothSides ...............   Passed    0.04 sec
        Start  68: MatchingEngineTest.DuplicateOrderIdRejected
 68/150 Test  #68: MatchingEngineTest.DuplicateOrderIdRejected ............................   Passed    0.04 sec
        Start  69: MatchingEngineTest.DuplicateIdRejectedEvenAfterFullFill
 69/150 Test  #69: MatchingEngineTest.DuplicateIdRejectedEvenAfterFullFill ................   Passed    0.04 sec
        Start  70: MatchingEngineTest.ZeroQuantityRejected
 70/150 Test  #70: MatchingEngineTest.ZeroQuantityRejected ................................   Passed    0.03 sec
        Start  71: MatchingEngineTest.ZeroPriceRejected
 71/150 Test  #71: MatchingEngineTest.ZeroPriceRejected ...................................   Passed    0.03 sec
        Start  72: MatchingEngineTest.NegativePriceRejected
 72/150 Test  #72: MatchingEngineTest.NegativePriceRejected ...............................   Passed    0.03 sec
        Start  73: MatchingEngineTest.OrderAcceptedEventEmittedOnSuccess
 73/150 Test  #73: MatchingEngineTest.OrderAcceptedEventEmittedOnSuccess ..................   Passed    0.03 sec
        Start  74: MatchingEngineTest.NoEventOnRejection
 74/150 Test  #74: MatchingEngineTest.NoEventOnRejection ..................................   Passed    0.04 sec
        Start  75: MatchingEngineTest.CrossingSellFullyFillsRestingBuy
 75/150 Test  #75: MatchingEngineTest.CrossingSellFullyFillsRestingBuy ....................   Passed    0.04 sec
        Start  76: MatchingEngineTest.CrossingBuyFullyFillsRestingSell
 76/150 Test  #76: MatchingEngineTest.CrossingBuyFullyFillsRestingSell ....................   Passed    0.04 sec
        Start  77: MatchingEngineTest.PartialFillRestsRemainder
 77/150 Test  #77: MatchingEngineTest.PartialFillRestsRemainder ...........................   Passed    0.04 sec
        Start  78: MatchingEngineTest.PartialFillOfRestingOrder
 78/150 Test  #78: MatchingEngineTest.PartialFillOfRestingOrder ...........................   Passed    0.04 sec
        Start  79: MatchingEngineTest.TradeAtRestingOrderPrice
 79/150 Test  #79: MatchingEngineTest.TradeAtRestingOrderPrice ............................   Passed    0.03 sec
        Start  80: MatchingEngineTest.EventSinkReceivesOnTradePerFill
 80/150 Test  #80: MatchingEngineTest.EventSinkReceivesOnTradePerFill .....................   Passed    0.03 sec
        Start  81: MatchingEngineTest.CrossingMultipleLevels
 81/150 Test  #81: MatchingEngineTest.CrossingMultipleLevels ..............................   Passed    0.03 sec
        Start  82: MatchingEngineTest.SellAboveBestBidDoesNotCross
 82/150 Test  #82: MatchingEngineTest.SellAboveBestBidDoesNotCross ........................   Passed    0.04 sec
        Start  83: MatchingEngineTest.BuyBelowBestAskDoesNotCross
 83/150 Test  #83: MatchingEngineTest.BuyBelowBestAskDoesNotCross .........................   Passed    0.03 sec
        Start  84: MatchingEngineTest.SequenceCounterIncrements
 84/150 Test  #84: MatchingEngineTest.SequenceCounterIncrements ...........................   Passed    0.04 sec
        Start  85: MatchingEngineTest.TradeSequenceCounterIncrements
 85/150 Test  #85: MatchingEngineTest.TradeSequenceCounterIncrements ......................   Passed    0.06 sec
        Start  86: MatchingEngineTest.FIFOMatchingWithinLevel
 86/150 Test  #86: MatchingEngineTest.FIFOMatchingWithinLevel .............................   Passed    0.04 sec
        Start  87: MatchingEngineTest.FIFOPartialFillThirdOrderAtSamePrice
 87/150 Test  #87: MatchingEngineTest.FIFOPartialFillThirdOrderAtSamePrice ................   Passed    0.04 sec
        Start  88: MatchingEngineTest.TradeSequenceStrictlyIncreasingWithinSubmission
 88/150 Test  #88: MatchingEngineTest.TradeSequenceStrictlyIncreasingWithinSubmission .....   Passed    0.03 sec
        Start  89: MatchingEngineTest.EventSinkOnTradeOrderMatchesEngineResponse
 89/150 Test  #89: MatchingEngineTest.EventSinkOnTradeOrderMatchesEngineResponse ..........   Passed    0.03 sec
        Start  90: MatchingEngineTest.PriceTimePrioritySweepsLevelsInOrder
 90/150 Test  #90: MatchingEngineTest.PriceTimePrioritySweepsLevelsInOrder ................   Passed    0.04 sec
        Start  91: MatchingEngineTest.FIFOWithinLevelRespectedForMultipleOrders
 91/150 Test  #91: MatchingEngineTest.FIFOWithinLevelRespectedForMultipleOrders ...........   Passed    0.04 sec
        Start  92: MatchingEngineTest.SelfCrossingMatchesNormally
 92/150 Test  #92: MatchingEngineTest.SelfCrossingMatchesNormally .........................   Passed    0.03 sec
        Start  93: MatchingEngineTest.MarketBuyFullyFillsAvailableSells
 93/150 Test  #93: MatchingEngineTest.MarketBuyFullyFillsAvailableSells ...................   Passed    0.03 sec
        Start  94: MatchingEngineTest.MarketSellFullyFillsAvailableBuys
 94/150 Test  #94: MatchingEngineTest.MarketSellFullyFillsAvailableBuys ...................   Passed    0.04 sec
        Start  95: MatchingEngineTest.MarketBuyOnEmptyBookNoFills
 95/150 Test  #95: MatchingEngineTest.MarketBuyOnEmptyBookNoFills .........................   Passed    0.03 sec
        Start  96: MatchingEngineTest.MarketSellOnEmptyBookNoFills
 96/150 Test  #96: MatchingEngineTest.MarketSellOnEmptyBookNoFills ........................   Passed    0.03 sec
        Start  97: MatchingEngineTest.MarketBuyPartialFillDoesNotRest
 97/150 Test  #97: MatchingEngineTest.MarketBuyPartialFillDoesNotRest .....................   Passed    0.03 sec
        Start  98: MatchingEngineTest.MarketSellPartialFillDoesNotRest
 98/150 Test  #98: MatchingEngineTest.MarketSellPartialFillDoesNotRest ....................   Passed    0.03 sec
        Start  99: MatchingEngineTest.MarketOrderDuplicateIdRejected
 99/150 Test  #99: MatchingEngineTest.MarketOrderDuplicateIdRejected ......................   Passed    0.03 sec
        Start 100: MatchingEngineTest.MarketOrderZeroQuantityRejected
100/150 Test #100: MatchingEngineTest.MarketOrderZeroQuantityRejected .....................   Passed    0.03 sec
        Start 101: MatchingEngineTest.MarketOrderEmitsAcceptedAndTradeEvents
101/150 Test #101: MatchingEngineTest.MarketOrderEmitsAcceptedAndTradeEvents ..............   Passed    0.03 sec
        Start 102: MatchingEngineTest.MarketOrderRejectionNoEvents
102/150 Test #102: MatchingEngineTest.MarketOrderRejectionNoEvents ........................   Passed    0.04 sec
        Start 103: MatchingEngineTest.MarketOrderFullSweepEmptiesOppositeSide
103/150 Test #103: MatchingEngineTest.MarketOrderFullSweepEmptiesOppositeSide .............   Passed    0.04 sec
        Start 104: MatchingEngineTest.MarketOrderDispatchesViaVariant
104/150 Test #104: MatchingEngineTest.MarketOrderDispatchesViaVariant .....................   Passed    0.04 sec
        Start 105: MatchingEngineTest.CancelRestingOrderSucceeds
105/150 Test #105: MatchingEngineTest.CancelRestingOrderSucceeds ..........................   Passed    0.04 sec
        Start 106: MatchingEngineTest.CancelPartiallyFilledOrderReportsCorrectRemaining
106/150 Test #106: MatchingEngineTest.CancelPartiallyFilledOrderReportsCorrectRemaining ...   Passed    0.03 sec
        Start 107: MatchingEngineTest.CancelUnknownIdReturnsUnknownOrderId
107/150 Test #107: MatchingEngineTest.CancelUnknownIdReturnsUnknownOrderId ................   Passed    0.04 sec
        Start 108: MatchingEngineTest.CancelAlreadyFilledOrderReturnsUnknownOrderId
108/150 Test #108: MatchingEngineTest.CancelAlreadyFilledOrderReturnsUnknownOrderId .......   Passed    0.03 sec
        Start 109: MatchingEngineTest.DoubleCancelReturnsUnknownOrderId
109/150 Test #109: MatchingEngineTest.DoubleCancelReturnsUnknownOrderId ...................   Passed    0.03 sec
        Start 110: MatchingEngineTest.CancelDecrementsOrderCountAndRemovesFromLookup
110/150 Test #110: MatchingEngineTest.CancelDecrementsOrderCountAndRemovesFromLookup ......   Passed    0.04 sec
        Start 111: MatchingEngineTest.CancelRejectionNoEvents
111/150 Test #111: MatchingEngineTest.CancelRejectionNoEvents .............................   Passed    0.04 sec
        Start 112: MatchingEngineNullSinkTest.WorksWithDefaultNullSink
112/150 Test #112: MatchingEngineNullSinkTest.WorksWithDefaultNullSink ....................   Passed    0.04 sec
        Start 113: IntegrationTest.SweepMultiLevelBookWithLargeCrossingOrder
113/150 Test #113: IntegrationTest.SweepMultiLevelBookWithLargeCrossingOrder ..............   Passed    0.03 sec
        Start 114: IntegrationTest.PartialFillThenCancelRemainder
114/150 Test #114: IntegrationTest.PartialFillThenCancelRemainder .........................   Passed    0.03 sec
        Start 115: IntegrationTest.InterleavedLimitAndMarketOrders
115/150 Test #115: IntegrationTest.InterleavedLimitAndMarketOrders ........................   Passed    0.04 sec
        Start 116: IntegrationTest.FillBookCancelEverythingRefillAndSweep
116/150 Test #116: IntegrationTest.FillBookCancelEverythingRefillAndSweep .................   Passed    0.03 sec
        Start 117: IntegrationTest.SelfCrossingMultipleOrdersMatchNormally
117/150 Test #117: IntegrationTest.SelfCrossingMultipleOrdersMatchNormally ................   Passed    0.04 sec
        Start 118: IntegrationTest.BookAccessorConsistencyThroughLifecycle
118/150 Test #118: IntegrationTest.BookAccessorConsistencyThroughLifecycle ................   Passed    0.03 sec
        Start 119: IntegrationTest.SamePriceLevelFIFOWithCancelsAndFills
119/150 Test #119: IntegrationTest.SamePriceLevelFIFOWithCancelsAndFills ..................   Passed    0.03 sec
        Start 120: IntegrationTest.LargeScaleMarketSweepAfterPartialConsumption
120/150 Test #120: IntegrationTest.LargeScaleMarketSweepAfterPartialConsumption ...........   Passed    0.03 sec
        Start 121: EdgeCaseTest.ZeroQuantityLimitOrderRejected
121/150 Test #121: EdgeCaseTest.ZeroQuantityLimitOrderRejected ............................   Passed    0.04 sec
        Start 122: EdgeCaseTest.SingleTickOrdersMatchCorrectly
122/150 Test #122: EdgeCaseTest.SingleTickOrdersMatchCorrectly ............................   Passed    0.04 sec
        Start 123: EdgeCaseTest.SingleTickOrderRestsCorrectly
123/150 Test #123: EdgeCaseTest.SingleTickOrderRestsCorrectly .............................   Passed    0.03 sec
        Start 124: EdgeCaseTest.ThousandOrdersAtSamePriceLevel
124/150 Test #124: EdgeCaseTest.ThousandOrdersAtSamePriceLevel ............................   Passed    0.04 sec
        Start 125: EdgeCaseTest.CancelOnEmptyBookReturnsUnknownOrderId
125/150 Test #125: EdgeCaseTest.CancelOnEmptyBookReturnsUnknownOrderId ....................   Passed    0.03 sec
        Start 126: EdgeCaseTest.MarketOrderExactlyExhaustsLiquidity
126/150 Test #126: EdgeCaseTest.MarketOrderExactlyExhaustsLiquidity .......................   Passed    0.03 sec
        Start 127: EdgeCaseTest.RapidAddCancelSequencesNoCorruption
127/150 Test #127: EdgeCaseTest.RapidAddCancelSequencesNoCorruption .......................   Passed    0.03 sec
        Start 128: EdgeCaseTest.RapidAddCancelWithMultipleOrdersOnSameLevel
128/150 Test #128: EdgeCaseTest.RapidAddCancelWithMultipleOrdersOnSameLevel ...............   Passed    0.03 sec
        Start 129: EdgeCaseTest.ExactPriceEqualsCrosses_BuySide
129/150 Test #129: EdgeCaseTest.ExactPriceEqualsCrosses_BuySide ...........................   Passed    0.03 sec
        Start 130: EdgeCaseTest.ExactPriceEqualsCrosses_SellSide
130/150 Test #130: EdgeCaseTest.ExactPriceEqualsCrosses_SellSide ..........................   Passed    0.03 sec
        Start 131: EdgeCaseTest.ExactPriceEqualsCrosses_PartialFill
131/150 Test #131: EdgeCaseTest.ExactPriceEqualsCrosses_PartialFill .......................   Passed    0.04 sec
        Start 132: EdgeCaseTest.TotalQuantityCorrectAfterPartialFill
132/150 Test #132: EdgeCaseTest.TotalQuantityCorrectAfterPartialFill ......................   Passed    0.03 sec
        Start 133: EdgeCaseTest.TotalQuantityCorrectAfterMultiplePartialFills
133/150 Test #133: EdgeCaseTest.TotalQuantityCorrectAfterMultiplePartialFills .............   Passed    0.03 sec
        Start 134: EdgeCaseTest.TotalQuantityZeroAfterFullConsumption
134/150 Test #134: EdgeCaseTest.TotalQuantityZeroAfterFullConsumption .....................   Passed    0.03 sec
        Start 135: EdgeCaseTest.BidSideTotalQuantityCorrectAfterPartialFill
135/150 Test #135: EdgeCaseTest.BidSideTotalQuantityCorrectAfterPartialFill ...............   Passed    0.03 sec
        Start 136: WorkloadGeneratorTest.SameSeedProducesIdenticalSequence
136/150 Test #136: WorkloadGeneratorTest.SameSeedProducesIdenticalSequence ................   Passed    0.03 sec
        Start 137: WorkloadGeneratorTest.DifferentSeedProducesDifferentSequence
137/150 Test #137: WorkloadGeneratorTest.DifferentSeedProducesDifferentSequence ...........   Passed    0.03 sec
        Start 138: WorkloadGeneratorTest.CancelOnlyReferencesLimitOrderIds
138/150 Test #138: WorkloadGeneratorTest.CancelOnlyReferencesLimitOrderIds ................   Passed    0.04 sec
        Start 139: WorkloadGeneratorTest.MixRatioMatchesConfig
139/150 Test #139: WorkloadGeneratorTest.MixRatioMatchesConfig ............................   Passed    0.11 sec
        Start 140: WorkloadGeneratorTest.PricesAlwaysPositive
140/150 Test #140: WorkloadGeneratorTest.PricesAlwaysPositive .............................   Passed    0.04 sec
        Start 141: WorkloadGeneratorTest.OrderIdsMonotonicallyIncreasing
141/150 Test #141: WorkloadGeneratorTest.OrderIdsMonotonicallyIncreasing ..................   Passed    0.05 sec
        Start 142: WorkloadGeneratorTest.QuantitiesWithinConfiguredRange
142/150 Test #142: WorkloadGeneratorTest.QuantitiesWithinConfiguredRange ..................   Passed    0.06 sec
        Start 143: WorkloadGeneratorTest.CancelNeverReferencesNonExistentId
143/150 Test #143: WorkloadGeneratorTest.CancelNeverReferencesNonExistentId ...............   Passed    0.05 sec
        Start 144: LatencyRecorderTest.EmptyRecorderReturnsZero
144/150 Test #144: LatencyRecorderTest.EmptyRecorderReturnsZero ...........................   Passed    0.04 sec
        Start 145: LatencyRecorderTest.SingleSample
145/150 Test #145: LatencyRecorderTest.SingleSample .......................................   Passed    0.05 sec
        Start 146: LatencyRecorderTest.KnownSequence1To100
146/150 Test #146: LatencyRecorderTest.KnownSequence1To100 ................................   Passed    0.04 sec
        Start 147: LatencyRecorderTest.OddCount
147/150 Test #147: LatencyRecorderTest.OddCount ...........................................   Passed    0.04 sec
        Start 148: LatencyRecorderTest.UnorderedInput
148/150 Test #148: LatencyRecorderTest.UnorderedInput .....................................   Passed    0.04 sec
        Start 149: LatencyRecorderTest.TwoSamples
149/150 Test #149: LatencyRecorderTest.TwoSamples .........................................   Passed    0.04 sec
        Start 150: LatencyRecorderTest.AllIdenticalSamples
150/150 Test #150: LatencyRecorderTest.AllIdenticalSamples ................................   Passed    0.03 sec

100% tests passed out of 150

Total Test time (real) =   8.46 sec
